Archive member included to satisfy reference by file (symbol)

C:/ST/STM32CubeIDE_1.14.0/STM32CubeIDE/plugins/com.st.stm32cube.ide.mcu.externaltools.gnu-tools-for-stm32.11.3.rel1.win32_1.1.100.202309141235/tools/bin/../lib/gcc/arm-none-eabi/11.3.1/../../../../arm-none-eabi/lib/thumb/v7e-m+dp/hard\libc_nano.a(libc_a-exit.o)
                              C:/ST/STM32CubeIDE_1.14.0/STM32CubeIDE/plugins/com.st.stm32cube.ide.mcu.externaltools.gnu-tools-for-stm32.11.3.rel1.win32_1.1.100.202309141235/tools/bin/../lib/gcc/arm-none-eabi/11.3.1/../../../../arm-none-eabi/lib/thumb/v7e-m+dp/hard/crt0.o (exit)
C:/ST/STM32CubeIDE_1.14.0/STM32CubeIDE/plugins/com.st.stm32cube.ide.mcu.externaltools.gnu-tools-for-stm32.11.3.rel1.win32_1.1.100.202309141235/tools/bin/../lib/gcc/arm-none-eabi/11.3.1/../../../../arm-none-eabi/lib/thumb/v7e-m+dp/hard\libc_nano.a(libc_a-findfp.o)
                              C:/ST/STM32CubeIDE_1.14.0/STM32CubeIDE/plugins/com.st.stm32cube.ide.mcu.externaltools.gnu-tools-for-stm32.11.3.rel1.win32_1.1.100.202309141235/tools/bin/../lib/gcc/arm-none-eabi/11.3.1/../../../../arm-none-eabi/lib/thumb/v7e-m+dp/hard\libc_nano.a(libc_a-exit.o) (__stdio_exit_handler)
C:/ST/STM32CubeIDE_1.14.0/STM32CubeIDE/plugins/com.st.stm32cube.ide.mcu.externaltools.gnu-tools-for-stm32.11.3.rel1.win32_1.1.100.202309141235/tools/bin/../lib/gcc/arm-none-eabi/11.3.1/../../../../arm-none-eabi/lib/thumb/v7e-m+dp/hard\libc_nano.a(libc_a-fwalk.o)
                              C:/ST/STM32CubeIDE_1.14.0/STM32CubeIDE/plugins/com.st.stm32cube.ide.mcu.externaltools.gnu-tools-for-stm32.11.3.rel1.win32_1.1.100.202309141235/tools/bin/../lib/gcc/arm-none-eabi/11.3.1/../../../../arm-none-eabi/lib/thumb/v7e-m+dp/hard\libc_nano.a(libc_a-findfp.o) (_fwalk_sglue)
C:/ST/STM32CubeIDE_1.14.0/STM32CubeIDE/plugins/com.st.stm32cube.ide.mcu.externaltools.gnu-tools-for-stm32.11.3.rel1.win32_1.1.100.202309141235/tools/bin/../lib/gcc/arm-none-eabi/11.3.1/../../../../arm-none-eabi/lib/thumb/v7e-m+dp/hard\libc_nano.a(libc_a-stdio.o)
                              C:/ST/STM32CubeIDE_1.14.0/STM32CubeIDE/plugins/com.st.stm32cube.ide.mcu.externaltools.gnu-tools-for-stm32.11.3.rel1.win32_1.1.100.202309141235/tools/bin/../lib/gcc/arm-none-eabi/11.3.1/../../../../arm-none-eabi/lib/thumb/v7e-m+dp/hard\libc_nano.a(libc_a-findfp.o) (__sread)
C:/ST/STM32CubeIDE_1.14.0/STM32CubeIDE/plugins/com.st.stm32cube.ide.mcu.externaltools.gnu-tools-for-stm32.11.3.rel1.win32_1.1.100.202309141235/tools/bin/../lib/gcc/arm-none-eabi/11.3.1/../../../../arm-none-eabi/lib/thumb/v7e-m+dp/hard\libc_nano.a(libc_a-memset.o)
                              C:/ST/STM32CubeIDE_1.14.0/STM32CubeIDE/plugins/com.st.stm32cube.ide.mcu.externaltools.gnu-tools-for-stm32.11.3.rel1.win32_1.1.100.202309141235/tools/bin/../lib/gcc/arm-none-eabi/11.3.1/../../../../arm-none-eabi/lib/thumb/v7e-m+dp/hard/crt0.o (memset)
C:/ST/STM32CubeIDE_1.14.0/STM32CubeIDE/plugins/com.st.stm32cube.ide.mcu.externaltools.gnu-tools-for-stm32.11.3.rel1.win32_1.1.100.202309141235/tools/bin/../lib/gcc/arm-none-eabi/11.3.1/../../../../arm-none-eabi/lib/thumb/v7e-m+dp/hard\libc_nano.a(libc_a-closer.o)
                              C:/ST/STM32CubeIDE_1.14.0/STM32CubeIDE/plugins/com.st.stm32cube.ide.mcu.externaltools.gnu-tools-for-stm32.11.3.rel1.win32_1.1.100.202309141235/tools/bin/../lib/gcc/arm-none-eabi/11.3.1/../../../../arm-none-eabi/lib/thumb/v7e-m+dp/hard\libc_nano.a(libc_a-stdio.o) (_close_r)
C:/ST/STM32CubeIDE_1.14.0/STM32CubeIDE/plugins/com.st.stm32cube.ide.mcu.externaltools.gnu-tools-for-stm32.11.3.rel1.win32_1.1.100.202309141235/tools/bin/../lib/gcc/arm-none-eabi/11.3.1/../../../../arm-none-eabi/lib/thumb/v7e-m+dp/hard\libc_nano.a(libc_a-reent.o)
                              C:/ST/STM32CubeIDE_1.14.0/STM32CubeIDE/plugins/com.st.stm32cube.ide.mcu.externaltools.gnu-tools-for-stm32.11.3.rel1.win32_1.1.100.202309141235/tools/bin/../lib/gcc/arm-none-eabi/11.3.1/../../../../arm-none-eabi/lib/thumb/v7e-m+dp/hard\libc_nano.a(libc_a-closer.o) (errno)
C:/ST/STM32CubeIDE_1.14.0/STM32CubeIDE/plugins/com.st.stm32cube.ide.mcu.externaltools.gnu-tools-for-stm32.11.3.rel1.win32_1.1.100.202309141235/tools/bin/../lib/gcc/arm-none-eabi/11.3.1/../../../../arm-none-eabi/lib/thumb/v7e-m+dp/hard\libc_nano.a(libc_a-impure.o)
                              C:/ST/STM32CubeIDE_1.14.0/STM32CubeIDE/plugins/com.st.stm32cube.ide.mcu.externaltools.gnu-tools-for-stm32.11.3.rel1.win32_1.1.100.202309141235/tools/bin/../lib/gcc/arm-none-eabi/11.3.1/../../../../arm-none-eabi/lib/thumb/v7e-m+dp/hard\libc_nano.a(libc_a-reent.o) (_impure_ptr)
C:/ST/STM32CubeIDE_1.14.0/STM32CubeIDE/plugins/com.st.stm32cube.ide.mcu.externaltools.gnu-tools-for-stm32.11.3.rel1.win32_1.1.100.202309141235/tools/bin/../lib/gcc/arm-none-eabi/11.3.1/../../../../arm-none-eabi/lib/thumb/v7e-m+dp/hard\libc_nano.a(libc_a-lseekr.o)
[...]
Memory Configuration

Name             Origin             Length             Attributes
ITCMRAM          0x0000000000000000 0x0000000000010000 xrw
DTCMRAM          0x0000000020000000 0x0000000000020000 xrw
FLASH            0x0000000008000000 0x0000000000100000 xr
RAM_D1           0x0000000024000000 0x0000000000050000 xrw
RAM_D2           0x0000000030000000 0x0000000000008000 xrw
RAM_D3           0x0000000038000000 0x0000000000004000 xrw
*default*        0x0000000000000000 0xffffffffffffffff

Linker script and memory map

LOAD C:/ST/STM32CubeIDE_1.14.0/STM32CubeIDE/plugins/com.st.stm32cube.ide.mcu.externaltools.gnu-tools-for-stm32.11.3.rel1.win32_1.1.100.202309141235/tools/bin/../lib/gcc/arm-none-eabi/11.3.1/thumb/v7e-m+dp/hard/crti.o
LOAD C:/ST/STM32CubeIDE_1.14.0/STM32CubeIDE/plugins/com.st.stm32cube.ide.mcu.externaltools.gnu-tools-for-stm32.11.3.rel1.win32_1.1.100.202309141235/tools/bin/../lib/gcc/arm-none-eabi/11.3.1/thumb/v7e-m+dp/hard/crtbegin.o
LOAD C:/ST/STM32CubeIDE_1.14.0/STM32CubeIDE/plugins/com.st.stm32cube.ide.mcu.externaltools.gnu-tools-for-stm32.11.3.rel1.win32_1.1.100.202309141235/tools/bin/../lib/gcc/arm-none-eabi/11.3.1/../../../../arm-none-eabi/lib/thumb/v7e-m+dp/hard/crt0.o
LOAD ./Core/Src/main.o
LOAD ./Core/Src/mpu6050.o
LOAD ./Core/Src/stm32h7xx_hal_msp.o
LOAD ./Core/Src/stm32h7xx_it.o
LOAD ./Core/Src/syscalls.o
LOAD ./Core/Src/sysmem.o
LOAD ./Core/Src/system_stm32h7xx.o
LOAD ./Core/Startup/startup_stm32h723zgtx.o
LOAD ./Drivers/STM32H7xx_HAL_Driver/Src/stm32h7xx_hal.o
LOAD ./Drivers/STM32H7xx_HAL_Driver/Src/stm32h7xx_hal_cortex.o
LOAD ./Drivers/STM32H7xx_HAL_Driver/Src/stm32h7xx_hal_dma.o
LOAD ./Drivers/STM32H7xx_HAL_Driver/Src/stm32h7xx_hal_dma_ex.o
LOAD ./Drivers/STM32H7xx_HAL_Driver/Src/stm32h7xx_hal_eth.o
LOAD ./Drivers/STM32H7xx_HAL_Driver/Src/stm32h7xx_hal_eth_ex.o
LOAD ./Drivers/STM32H7xx_HAL_Driver/Src/stm32h7xx_hal_exti.o
LOAD ./Drivers/STM32H7xx_HAL_Driver/Src/stm32h7xx_hal_flash.o
LOAD ./Drivers/STM32H7xx_HAL_Driver/Src/stm32h7xx_hal_flash_ex.o
LOAD ./Drivers/STM32H7xx_HAL_Driver/Src/stm32h7xx_hal_gpio.o
LOAD ./Drivers/STM32H7xx_HAL_Driver/Src/stm32h7xx_hal_hsem.o
LOAD ./Drivers/STM32H7xx_HAL_Driver/Src/stm32h7xx_hal_i2c.o
LOAD ./Drivers/STM32H7xx_HAL_Driver/Src/stm32h7xx_hal_i2c_ex.o
LOAD ./Drivers/STM32H7xx_HAL_Driver/Src/stm32h7xx_hal_mdma.o
LOAD ./Drivers/STM32H7xx_HAL_Driver/Src/stm32h7xx_hal_pwr.o
LOAD ./Drivers/STM32H7xx_HAL_Driver/Src/stm32h7xx_hal_pwr_ex.o
LOAD ./Drivers/STM32H7xx_HAL_Driver/Src/stm32h7xx_hal_rcc.o
LOAD ./Drivers/STM32H7xx_HAL_Driver/Src/stm32h7xx_hal_rcc_ex.o
LOAD ./Drivers/STM32H7xx_HAL_Driver/Src/stm32h7xx_hal_tim.o
LOAD ./Drivers/STM32H7xx_HAL_Driver/Src/stm32h7xx_hal_tim_ex.o
LOAD ./Drivers/STM32H7xx_HAL_Driver/Src/stm32h7xx_hal_uart.o
LOAD ./Drivers/STM32H7xx_HAL_Driver/Src/stm32h7xx_hal_uart_ex.o
START GROUP
LOAD C:/ST/STM32CubeIDE_1.14.0/STM32CubeIDE/plugins/com.st.stm32cube.ide.mcu.externaltools.gnu-tools-for-stm32.11.3.rel1.win32_1.1.100.202309141235/tools/bin/../lib/gcc/arm-none-eabi/11.3.1/../../../../arm-none-eabi/lib/thumb/v7e-m+dp/hard\libc_nano.a
LOAD C:/ST/STM32CubeIDE_1.14.0/STM32CubeIDE/plugins/com.st.stm32cube.ide.mcu.externaltools.gnu-tools-for-stm32.11.3.rel1.win32_1.1.100.202309141235/tools/bin/../lib/gcc/arm-none-eabi/11.3.1/../../../../arm-none-eabi/lib/thumb/v7e-m+dp/hard\libm.a
END GROUP
START GROUP
LOAD C:/ST/STM32CubeIDE_1.14.0/STM32CubeIDE/plugins/com.st.stm32cube.ide.mcu.externaltools.gnu-tools-for-stm32.11.3.rel1.win32_1.1.100.202309141235/tools/bin/../lib/gcc/arm-none-eabi/11.3.1/thumb/v7e-m+dp/hard\libgcc.a
LOAD C:/ST/STM32CubeIDE_1.14.0/STM32CubeIDE/plugins/com.st.stm32cube.ide.mcu.externaltools.gnu-tools-for-stm32.11.3.rel1.win32_1.1.100.202309141235/tools/bin/../lib/gcc/arm-none-eabi/11.3.1/../../../../arm-none-eabi/lib/thumb/v7e-m+dp/hard\libc_nano.a
END GROUP
START GROUP
LOAD C:/ST/STM32CubeIDE_1.14.0/STM32CubeIDE/plugins/com.st.stm32cube.ide.mcu.externaltools.gnu-tools-for-stm32.11.3.rel1.win32_1.1.100.202309141235/tools/bin/../lib/gcc/arm-none-eabi/11.3.1/thumb/v7e-m+dp/hard\libgcc.a
LOAD C:/ST/STM32CubeIDE_1.14.0/STM32CubeIDE/plugins/com.st.stm32cube.ide.mcu.externaltools.gnu-tools-for-stm32.11.3.rel1.win32_1.1.100.202309141235/tools/bin/../lib/gcc/arm-none-eabi/11.3.1/../../../../arm-none-eabi/lib/thumb/v7e-m+dp/hard\libc_nano.a
LOAD C:/ST/STM32CubeIDE_1.14.0/STM32CubeIDE/plugins/com.st.stm32cube.ide.mcu.externaltools.gnu-tools-for-stm32.11.3.rel1.win32_1.1.100.202309141235/tools/bin/../lib/gcc/arm-none-eabi/11.3.1/../../../../arm-none-eabi/lib/thumb/v7e-m+dp/hard\libnosys.a
END GROUP
START GROUP
LOAD C:/ST/STM32CubeIDE_1.14.0/STM32CubeIDE/plugins/com.st.stm32cube.ide.mcu.externaltools.gnu-tools-for-stm32.11.3.rel1.win32_1.1.100.202309141235/tools/bin/../lib/gcc/arm-none-eabi/11.3.1/thumb/v7e-m+dp/hard\libgcc.a
LOAD C:/ST/STM32CubeIDE_1.14.0/STM32CubeIDE/plugins/com.st.stm32cube.ide.mcu.externaltools.gnu-tools-for-stm32.11.3.rel1.win32_1.1.100.202309141235/tools/bin/../lib/gcc/arm-none-eabi/11.3.1/../../../../arm-none-eabi/lib/thumb/v7e-m+dp/hard\libc_nano.a
LOAD C:/ST/STM32CubeIDE_1.14.0/STM32CubeIDE/plugins/com.st.stm32cube.ide.mcu.externaltools.gnu-tools-for-stm32.11.3.rel1.win32_1.1.100.202309141235/tools/bin/../lib/gcc/arm-none-eabi/11.3.1/../../../../arm-none-eabi/lib/thumb/v7e-m+dp/hard\libnosys.a
END GROUP
LOAD C:/ST/STM32CubeIDE_1.14.0/STM32CubeIDE/plugins/com.st.stm32cube.ide.mcu.externaltools.gnu-tools-for-stm32.11.3.rel1.win32_1.1.100.202309141235/tools/bin/../lib/gcc/arm-none-eabi/11.3.1/thumb/v7e-m+dp/hard/crtend.o
LOAD C:/ST/STM32CubeIDE_1.14.0/STM32CubeIDE/plugins/com.st.stm32cube.ide.mcu.externaltools.gnu-tools-for-stm32.11.3.rel1.win32_1.1.100.202309141235/tools/bin/../lib/gcc/arm-none-eabi/11.3.1/thumb/v7e-m+dp/hard/crtn.o
                0x0000000024050000                _estack = (ORIGIN (RAM_D1) + LENGTH (RAM_D1))
                0x0000000000000200                _Min_Heap_Size = 0x200
                0x0000000000000400                _Min_Stack_Size = 0x400

.isr_vector     0x0000000008000000      0x2cc
                0x0000000008000000                . = ALIGN (0x4)
 *(.isr_vector)
 .isr_vector    0x0000000008000000      0x2cc ./Core/Startup/startup_stm32h723zgtx.o
                0x0000000008000000                g_pfnVectors
                0x00000000080002cc                . = ALIGN (0x4)

.text           0x00000000080002d0     0x69c8
                0x00000000080002d0                . = ALIGN (0x4)
 *(.text)
 .text          0x00000000080002d0       0x40 C:/ST/STM32CubeIDE_1.14.0/STM32CubeIDE/plugins/com.st.stm32cube.ide.mcu.externaltools.gnu-tools-for-stm32.11.3.rel1.win32_1.1.100.202309141235/tools/bin/../lib/gcc/arm-none-eabi/11.3.1/thumb/v7e-m+dp/hard/crtbegin.o
 .text          0x0000000008000310       0x30 C:/ST/STM32CubeIDE_1.14.0/STM32CubeIDE/plugins/com.st.stm32cube.ide.mcu.externaltools.gnu-tools-for-stm32.11.3.rel1.win32_1.1.100.202309141235/tools/bin/../lib/gcc/arm-none-eabi/11.3.1/thumb/v7e-m+dp/hard\libgcc.a(_aeabi_uldivmod.o)
                0x0000000008000310                __aeabi_uldivmod
 .text          0x0000000008000340      0x2c8 C:/ST/STM32CubeIDE_1.14.0/STM32CubeIDE/plugins/com.st.stm32cube.ide.mcu.externaltools.gnu-tools-for-stm32.11.3.rel1.win32_1.1.100.202309141235/tools/bin/../lib/gcc/arm-none-eabi/11.3.1/thumb/v7e-m+dp/hard\libgcc.a(_udivmoddi4.o)
                0x0000000008000340                __udivmoddi4
 .text          0x0000000008000608        0x4 C:/ST/STM32CubeIDE_1.14.0/STM32CubeIDE/plugins/com.st.stm32cube.ide.mcu.externaltools.gnu-tools-for-stm32.11.3.rel1.win32_1.1.100.202309141235/tools/bin/../lib/gcc/arm-none-eabi/11.3.1/thumb/v7e-m+dp/hard\libgcc.a(_dvmd_tls.o)
                0x0000000008000608                __aeabi_idiv0
                0x0000000008000608                __aeabi_ldiv0
 *(.text*)
 .text.main     0x000000000800060c       0x58 ./Core/Src/main.o
                0x000000000800060c                main
 .text.SystemClock_Config
                0x0000000008000664       0xe0 ./Core/Src/main.o
                0x0000000008000664                SystemClock_Config
 .text.MX_ETH_Init
                0x0000000008000744       0x98 ./Core/Src/main.o
 .text.MX_I2C2_Init
                0x00000000080007dc       0x80 ./Core/Src/main.o
 .text.MX_USART3_UART_Init
                0x000000000800085c       0x98 ./Core/Src/main.o
 .text.MX_USB_OTG_HS_USB_Init
                0x00000000080008f4        0xe ./Core/Src/main.o
 *fill*         0x0000000008000902        0x2 
 .text.MX_GPIO_Init
                0x0000000008000904      0x214 ./Core/Src/main.o
 .text.Error_Handler
                0x0000000008000b18        0xa ./Core/Src/main.o
                0x0000000008000b18                Error_Handler
 .text.MPU6050_Init
                0x0000000008000b22       0x30 ./Core/Src/mpu6050.o
                0x0000000008000b22                MPU6050_Init
 .text.MPU6050_ReadAllData
                0x0000000008000b52       0xc4 ./Core/Src/mpu6050.o
                0x0000000008000b52                MPU6050_ReadAllData
 *fill*         0x0000000008000c16        0x2 
 .text.MPU6050_GetScaledData
                0x0000000008000c18       0xf0 ./Core/Src/mpu6050.o
                0x0000000008000c18                MPU6050_GetScaledData
 .text.HAL_MspInit
                0x0000000008000d08       0x34 ./Core/Src/stm32h7xx_hal_msp.o
                0x0000000008000d08                HAL_MspInit
 .text.HAL_ETH_MspInit
                0x0000000008000d3c      0x19c ./Core/Src/stm32h7xx_hal_msp.o
                0x0000000008000d3c                HAL_ETH_MspInit
 .text.HAL_I2C_MspInit
                0x0000000008000ed8       0xd0 ./Core/Src/stm32h7xx_hal_msp.o
                0x0000000008000ed8                HAL_I2C_MspInit
 .text.HAL_UART_MspInit
                0x0000000008000fa8       0xd4 ./Core/Src/stm32h7xx_hal_msp.o
                0x0000000008000fa8                HAL_UART_MspInit
 .text.NMI_Handler
                0x000000000800107c        0x6 ./Core/Src/stm32h7xx_it.o
                0x000000000800107c                NMI_Handler
 .text.HardFault_Handler
                0x0000000008001082        0x6 ./Core/Src/stm32h7xx_it.o
                0x0000000008001082                HardFault_Handler
 .text.MemManage_Handler
                0x0000000008001088        0x6 ./Core/Src/stm32h7xx_it.o
                0x0000000008001088                MemManage_Handler
 .text.BusFault_Handler
                0x000000000800108e        0x6 ./Core/Src/stm32h7xx_it.o
                0x000000000800108e                BusFault_Handler
 .text.UsageFault_Handler
                0x0000000008001094        0x6 ./Core/Src/stm32h7xx_it.o
                0x0000000008001094                UsageFault_Handler
 .text.SVC_Handler
                0x000000000800109a        0xe ./Core/Src/stm32h7xx_it.o
                0x000000000800109a                SVC_Handler
 .text.DebugMon_Handler
                0x00000000080010a8        0xe ./Core/Src/stm32h7xx_it.o
                0x00000000080010a8                DebugMon_Handler
 .text.PendSV_Handler
                0x00000000080010b6        0xe ./Core/Src/stm32h7xx_it.o
                0x00000000080010b6                PendSV_Handler
 .text.SysTick_Handler
                0x00000000080010c4        0xc ./Core/Src/stm32h7xx_it.o
                0x00000000080010c4                SysTick_Handler
 .text.SystemInit
                0x00000000080010d0       0xf0 ./Core/Src/system_stm32h7xx.o
                0x00000000080010d0                SystemInit
 .text.Reset_Handler
                0x00000000080011c0       0x50 ./Core/Startup/startup_stm32h723zgtx.o
                0x00000000080011c0                Reset_Handler
 .text.Default_Handler
                0x0000000008001210        0x2 ./Core/Startup/startup_stm32h723zgtx.o
                0x0000000008001210                RTC_Alarm_IRQHandler
                0x0000000008001210                EXTI2_IRQHandler
                0x0000000008001210                TIM8_CC_IRQHandler
                0x0000000008001210                UART8_IRQHandler
                0x0000000008001210                SPI4_IRQHandler
                0x0000000008001210                FDCAN3_IT0_IRQHandler
                0x0000000008001210                TIM1_CC_IRQHandler
                0x0000000008001210                BDMA_Channel6_IRQHandler
                0x0000000008001210                DMA2_Stream5_IRQHandler
                0x0000000008001210                DMA1_Stream5_IRQHandler
                0x0000000008001210                CORDIC_IRQHandler
                0x0000000008001210                BDMA_Channel1_IRQHandler
                0x0000000008001210                TAMP_STAMP_IRQHandler
                0x0000000008001210                EXTI3_IRQHandler
                0x0000000008001210                LPTIM4_IRQHandler
                0x0000000008001210                TIM8_TRG_COM_TIM14_IRQHandler
                0x0000000008001210                LPTIM2_IRQHandler
                0x0000000008001210                DFSDM1_FLT1_IRQHandler
                0x0000000008001210                DMAMUX2_OVR_IRQHandler
                0x0000000008001210                TIM8_UP_TIM13_IRQHandler
                0x0000000008001210                I2C3_ER_IRQHandler
                0x0000000008001210                DFSDM1_FLT2_IRQHandler
                0x0000000008001210                I2C5_EV_IRQHandler
                0x0000000008001210                USART10_IRQHandler
                0x0000000008001210                MDMA_IRQHandler
                0x0000000008001210                LPTIM3_IRQHandler
                0x0000000008001210                HSEM1_IRQHandler
                0x0000000008001210                EXTI0_IRQHandler
                0x0000000008001210                I2C2_EV_IRQHandler
                0x0000000008001210                DMA1_Stream2_IRQHandler
                0x0000000008001210                FPU_IRQHandler
                0x0000000008001210                OTG_HS_WKUP_IRQHandler
                0x0000000008001210                FDCAN1_IT1_IRQHandler
                0x0000000008001210                LTDC_ER_IRQHandler
                0x0000000008001210                DMA2_Stream2_IRQHandler
                0x0000000008001210                SPI1_IRQHandler
                0x0000000008001210                OCTOSPI1_IRQHandler
                0x0000000008001210                TIM6_DAC_IRQHandler
                0x0000000008001210                DMA2_Stream3_IRQHandler
                0x0000000008001210                OCTOSPI2_IRQHandler
                0x0000000008001210                DFSDM1_FLT3_IRQHandler
                0x0000000008001210                TIM23_IRQHandler
                0x0000000008001210                USART6_IRQHandler
                0x0000000008001210                TIM17_IRQHandler
                0x0000000008001210                USART3_IRQHandler
                0x0000000008001210                BDMA_Channel7_IRQHandler
                0x0000000008001210                LPTIM5_IRQHandler
                0x0000000008001210                UART5_IRQHandler
                0x0000000008001210                ADC3_IRQHandler
                0x0000000008001210                DMA2_Stream0_IRQHandler
                0x0000000008001210                TIM4_IRQHandler
                0x0000000008001210                BDMA_Channel2_IRQHandler
                0x0000000008001210                I2C1_EV_IRQHandler
                0x0000000008001210                DMA1_Stream6_IRQHandler
                0x0000000008001210                DMAMUX1_OVR_IRQHandler
                0x0000000008001210                DMA1_Stream1_IRQHandler
                0x0000000008001210                TIM16_IRQHandler
                0x0000000008001210                UART4_IRQHandler
                0x0000000008001210                BDMA_Channel5_IRQHandler
                0x0000000008001210                TIM3_IRQHandler
                0x0000000008001210                RCC_IRQHandler
                0x0000000008001210                UART9_IRQHandler
                0x0000000008001210                TIM8_BRK_TIM12_IRQHandler
                0x0000000008001210                TIM1_TRG_COM_IRQHandler
                0x0000000008001210                Default_Handler
                0x0000000008001210                ECC_IRQHandler
                0x0000000008001210                FMAC_IRQHandler
                0x0000000008001210                CEC_IRQHandler
                0x0000000008001210                EXTI15_10_IRQHandler
                0x0000000008001210                BDMA_Channel0_IRQHandler
                0x0000000008001210                ADC_IRQHandler
                0x0000000008001210                I2C5_ER_IRQHandler
                0x0000000008001210                DMA1_Stream7_IRQHandler
                0x0000000008001210                SPI5_IRQHandler
                0x0000000008001210                TIM7_IRQHandler
                0x0000000008001210                FDCAN3_IT1_IRQHandler
                0x0000000008001210                SDMMC1_IRQHandler
                0x0000000008001210                TIM5_IRQHandler
                0x0000000008001210                DMA2_Stream7_IRQHandler
                0x0000000008001210                TIM15_IRQHandler
                0x0000000008001210                PVD_AVD_IRQHandler
                0x0000000008001210                I2C3_EV_IRQHandler
                0x0000000008001210                EXTI9_5_IRQHandler
                0x0000000008001210                RTC_WKUP_IRQHandler
                0x0000000008001210                LTDC_IRQHandler
                0x0000000008001210                ETH_WKUP_IRQHandler
                0x0000000008001210                SPDIF_RX_IRQHandler
                0x0000000008001210                SPI2_IRQHandler
                0x0000000008001210                OTG_HS_EP1_IN_IRQHandler
                0x0000000008001210                DMA1_Stream0_IRQHandler
                0x0000000008001210                TIM24_IRQHandler
                0x0000000008001210                CRS_IRQHandler
                0x0000000008001210                EXTI4_IRQHandler
                0x0000000008001210                RNG_IRQHandler
                0x0000000008001210                FDCAN2_IT1_IRQHandler
                0x0000000008001210                ETH_IRQHandler
                0x0000000008001210                TIM1_UP_IRQHandler
                0x0000000008001210                BDMA_Channel4_IRQHandler
                0x0000000008001210                OTG_HS_EP1_OUT_IRQHandler
                0x0000000008001210                WWDG_IRQHandler
                0x0000000008001210                SPI6_IRQHandler
                0x0000000008001210                MDIOS_IRQHandler
                0x0000000008001210                I2C4_EV_IRQHandler
                0x0000000008001210                FDCAN2_IT0_IRQHandler
                0x0000000008001210                LPUART1_IRQHandler
                0x0000000008001210                FDCAN1_IT0_IRQHandler
                0x0000000008001210                TIM2_IRQHandler
                0x0000000008001210                OTG_HS_IRQHandler
                0x0000000008001210                DMA2D_IRQHandler
                0x0000000008001210                TIM1_BRK_IRQHandler
                0x0000000008001210                EXTI1_IRQHandler
                0x0000000008001210                SDMMC2_IRQHandler
                0x0000000008001210                BDMA_Channel3_IRQHandler
                0x0000000008001210                DTS_IRQHandler
                0x0000000008001210                UART7_IRQHandler
                0x0000000008001210                MDIOS_WKUP_IRQHandler
                0x0000000008001210                USART2_IRQHandler
                0x0000000008001210                DFSDM1_FLT0_IRQHandler
                0x0000000008001210                SAI4_IRQHandler
                0x0000000008001210                I2C2_ER_IRQHandler
                0x0000000008001210                DMA2_Stream1_IRQHandler
                0x0000000008001210                FLASH_IRQHandler
                0x0000000008001210                DMA2_Stream4_IRQHandler
                0x0000000008001210                USART1_IRQHandler
                0x0000000008001210                SPI3_IRQHandler
                0x0000000008001210                WAKEUP_PIN_IRQHandler
                0x0000000008001210                DMA1_Stream4_IRQHandler
                0x0000000008001210                I2C1_ER_IRQHandler
                0x0000000008001210                FMC_IRQHandler
                0x0000000008001210                FDCAN_CAL_IRQHandler
                0x0000000008001210                SWPMI1_IRQHandler
                0x0000000008001210                COMP1_IRQHandler
                0x0000000008001210                LPTIM1_IRQHandler
                0x0000000008001210                DCMI_PSSI_IRQHandler
                0x0000000008001210                I2C4_ER_IRQHandler
                0x0000000008001210                DMA2_Stream6_IRQHandler
                0x0000000008001210                SAI1_IRQHandler
                0x0000000008001210                DMA1_Stream3_IRQHandler
 *fill*         0x0000000008001212        0x2 
 .text.HAL_Init
                0x0000000008001214       0x78 ./Drivers/STM32H7xx_HAL_Driver/Src/stm32h7xx_hal.o
                0x0000000008001214                HAL_Init
 .text.HAL_InitTick
                0x000000000800128c       0x6c ./Drivers/STM32H7xx_HAL_Driver/Src/stm32h7xx_hal.o
                0x000000000800128c                HAL_InitTick
 .text.HAL_IncTick
                0x00000000080012f8       0x28 ./Drivers/STM32H7xx_HAL_Driver/Src/stm32h7xx_hal.o
                0x00000000080012f8                HAL_IncTick
 .text.HAL_GetTick
                0x0000000008001320       0x18 ./Drivers/STM32H7xx_HAL_Driver/Src/stm32h7xx_hal.o
                0x0000000008001320                HAL_GetTick
 .text.HAL_Delay
                0x0000000008001338       0x48 ./Drivers/STM32H7xx_HAL_Driver/Src/stm32h7xx_hal.o
                0x0000000008001338                HAL_Delay
 .text.HAL_SYSCFG_ETHInterfaceSelect
                0x0000000008001380       0x28 ./Drivers/STM32H7xx_HAL_Driver/Src/stm32h7xx_hal.o
                0x0000000008001380                HAL_SYSCFG_ETHInterfaceSelect
 .text.__NVIC_SetPriorityGrouping
                0x00000000080013a8       0x48 ./Drivers/STM32H7xx_HAL_Driver/Src/stm32h7xx_hal_cortex.o
 .text.__NVIC_GetPriorityGrouping
                0x00000000080013f0       0x1c ./Drivers/STM32H7xx_HAL_Driver/Src/stm32h7xx_hal_cortex.o
 .text.__NVIC_SetPriority
                0x000000000800140c       0x54 ./Drivers/STM32H7xx_HAL_Driver/Src/stm32h7xx_hal_cortex.o
 .text.NVIC_EncodePriority
                0x0000000008001460       0x66 ./Drivers/STM32H7xx_HAL_Driver/Src/stm32h7xx_hal_cortex.o
 *fill*         0x00000000080014c6        0x2 
 .text.SysTick_Config
                0x00000000080014c8       0x44 ./Drivers/STM32H7xx_HAL_Driver/Src/stm32h7xx_hal_cortex.o
 .text.HAL_NVIC_SetPriorityGrouping
                0x000000000800150c       0x16 ./Drivers/STM32H7xx_HAL_Driver/Src/stm32h7xx_hal_cortex.o
                0x000000000800150c                HAL_NVIC_SetPriorityGrouping
 .text.HAL_NVIC_SetPriority
                0x0000000008001522       0x34 ./Drivers/STM32H7xx_HAL_Driver/Src/stm32h7xx_hal_cortex.o
                0x0000000008001522                HAL_NVIC_SetPriority
 .text.HAL_SYSTICK_Config
                0x0000000008001556       0x18 ./Drivers/STM32H7xx_HAL_Driver/Src/stm32h7xx_hal_cortex.o
                0x0000000008001556                HAL_SYSTICK_Config
 *fill*         0x000000000800156e        0x2 
 .text.HAL_ETH_Init
                0x0000000008001570      0x1fc ./Drivers/STM32H7xx_HAL_Driver/Src/stm32h7xx_hal_eth.o
                0x0000000008001570                HAL_ETH_Init
 .text.HAL_ETH_SetMDIOClockRange
                0x000000000800176c       0xa0 ./Drivers/STM32H7xx_HAL_Driver/Src/stm32h7xx_hal_eth.o
                0x000000000800176c                HAL_ETH_SetMDIOClockRange
 .text.ETH_SetMACConfig
                0x000000000800180c      0x238 ./Drivers/STM32H7xx_HAL_Driver/Src/stm32h7xx_hal_eth.o
 .text.ETH_SetDMAConfig
                0x0000000008001a44      0x10c ./Drivers/STM32H7xx_HAL_Driver/Src/stm32h7xx_hal_eth.o
 .text.ETH_MACDMAConfig
                0x0000000008001b50      0x13a ./Drivers/STM32H7xx_HAL_Driver/Src/stm32h7xx_hal_eth.o
 .text.ETH_DMATxDescListInit
                0x0000000008001c8a       0x92 ./Drivers/STM32H7xx_HAL_Driver/Src/stm32h7xx_hal_eth.o
 .text.ETH_DMARxDescListInit
                0x0000000008001d1c       0xba ./Drivers/STM32H7xx_HAL_Driver/Src/stm32h7xx_hal_eth.o
 *fill*         0x0000000008001dd6        0x2 
 .text.HAL_GPIO_Init
                0x0000000008001dd8      0x350 ./Drivers/STM32H7xx_HAL_Driver/Src/stm32h7xx_hal_gpio.o
                0x0000000008001dd8                HAL_GPIO_Init
 .text.HAL_GPIO_WritePin
                0x0000000008002128       0x32 ./Drivers/STM32H7xx_HAL_Driver/Src/stm32h7xx_hal_gpio.o
                0x0000000008002128                HAL_GPIO_WritePin
 *fill*         0x000000000800215a        0x2 
 .text.HAL_I2C_Init
                0x000000000800215c      0x138 ./Drivers/STM32H7xx_HAL_Driver/Src/stm32h7xx_hal_i2c.o
                0x000000000800215c                HAL_I2C_Init
 .text.HAL_I2C_Mem_Write
                0x0000000008002294      0x228 ./Drivers/STM32H7xx_HAL_Driver/Src/stm32h7xx_hal_i2c.o
                0x0000000008002294                HAL_I2C_Mem_Write
 .text.HAL_I2C_Mem_Read
                0x00000000080024bc      0x234 ./Drivers/STM32H7xx_HAL_Driver/Src/stm32h7xx_hal_i2c.o
                0x00000000080024bc                HAL_I2C_Mem_Read
 .text.I2C_RequestMemoryWrite
                0x00000000080026f0       0xa8 ./Drivers/STM32H7xx_HAL_Driver/Src/stm32h7xx_hal_i2c.o
 .text.I2C_RequestMemoryRead
                0x0000000008002798       0xa8 ./Drivers/STM32H7xx_HAL_Driver/Src/stm32h7xx_hal_i2c.o
 .text.I2C_Flush_TXDR
                0x0000000008002840       0x48 ./Drivers/STM32H7xx_HAL_Driver/Src/stm32h7xx_hal_i2c.o
 .text.I2C_WaitOnFlagUntilTimeout
                0x0000000008002888       0xb2 ./Drivers/STM32H7xx_HAL_Driver/Src/stm32h7xx_hal_i2c.o
 .text.I2C_WaitOnTXISFlagUntilTimeout
                0x000000000800293a       0x8e ./Drivers/STM32H7xx_HAL_Driver/Src/stm32h7xx_hal_i2c.o
 .text.I2C_WaitOnSTOPFlagUntilTimeout
                0x00000000080029c8       0x86 ./Drivers/STM32H7xx_HAL_Driver/Src/stm32h7xx_hal_i2c.o
 *fill*         0x0000000008002a4e        0x2 
 .text.I2C_IsErrorOccurred
                0x0000000008002a50      0x1c0 ./Drivers/STM32H7xx_HAL_Driver/Src/stm32h7xx_hal_i2c.o
 .text.I2C_TransferConfig
                0x0000000008002c10       0x64 ./Drivers/STM32H7xx_HAL_Driver/Src/stm32h7xx_hal_i2c.o
 .text.HAL_I2CEx_ConfigAnalogFilter
                0x0000000008002c74       0x96 ./Drivers/STM32H7xx_HAL_Driver/Src/stm32h7xx_hal_i2c_ex.o
                0x0000000008002c74                HAL_I2CEx_ConfigAnalogFilter
 .text.HAL_I2CEx_ConfigDigitalFilter
                0x0000000008002d0a       0x98 ./Drivers/STM32H7xx_HAL_Driver/Src/stm32h7xx_hal_i2c_ex.o
                0x0000000008002d0a                HAL_I2CEx_ConfigDigitalFilter
 *fill*         0x0000000008002da2        0x2 
 .text.HAL_PWREx_ConfigSupply
                0x0000000008002da4       0x74 ./Drivers/STM32H7xx_HAL_Driver/Src/stm32h7xx_hal_pwr_ex.o
                0x0000000008002da4                HAL_PWREx_ConfigSupply
 .text.HAL_RCC_OscConfig
                0x0000000008002e18      0x7b4 ./Drivers/STM32H7xx_HAL_Driver/Src/stm32h7xx_hal_rcc.o
                0x0000000008002e18                HAL_RCC_OscConfig
 .text.HAL_RCC_ClockConfig
                0x00000000080035cc      0x36c ./Drivers/STM32H7xx_HAL_Driver/Src/stm32h7xx_hal_rcc.o
                0x00000000080035cc                HAL_RCC_ClockConfig
 .text.HAL_RCC_GetSysClockFreq
                0x0000000008003938      0x2f4 ./Drivers/STM32H7xx_HAL_Driver/Src/stm32h7xx_hal_rcc.o
                0x0000000008003938                HAL_RCC_GetSysClockFreq
 .text.HAL_RCC_GetHCLKFreq
                0x0000000008003c2c       0x60 ./Drivers/STM32H7xx_HAL_Driver/Src/stm32h7xx_hal_rcc.o
                0x0000000008003c2c                HAL_RCC_GetHCLKFreq
 .text.HAL_RCC_GetPCLK1Freq
                0x0000000008003c8c       0x2c ./Drivers/STM32H7xx_HAL_Driver/Src/stm32h7xx_hal_rcc.o
                0x0000000008003c8c                HAL_RCC_GetPCLK1Freq
 .text.HAL_RCC_GetPCLK2Freq
                0x0000000008003cb8       0x2c ./Drivers/STM32H7xx_HAL_Driver/Src/stm32h7xx_hal_rcc.o
                0x0000000008003cb8                HAL_RCC_GetPCLK2Freq
 .text.HAL_RCCEx_PeriphCLKConfig
                0x0000000008003ce4     0x1340 ./Drivers/STM32H7xx_HAL_Driver/Src/stm32h7xx_hal_rcc_ex.o
                0x0000000008003ce4                HAL_RCCEx_PeriphCLKConfig
 .text.HAL_RCCEx_GetD3PCLK1Freq
                0x0000000008005024       0x2c ./Drivers/STM32H7xx_HAL_Driver/Src/stm32h7xx_hal_rcc_ex.o
                0x0000000008005024                HAL_RCCEx_GetD3PCLK1Freq
 .text.HAL_RCCEx_GetPLL2ClockFreq
                0x0000000008005050      0x2a8 ./Drivers/STM32H7xx_HAL_Driver/Src/stm32h7xx_hal_rcc_ex.o
                0x0000000008005050                HAL_RCCEx_GetPLL2ClockFreq
 .text.HAL_RCCEx_GetPLL3ClockFreq
                0x00000000080052f8      0x2a8 ./Drivers/STM32H7xx_HAL_Driver/Src/stm32h7xx_hal_rcc_ex.o
                0x00000000080052f8                HAL_RCCEx_GetPLL3ClockFreq
 .text.RCCEx_PLL2_Config
                0x00000000080055a0      0x164 ./Drivers/STM32H7xx_HAL_Driver/Src/stm32h7xx_hal_rcc_ex.o
 .text.RCCEx_PLL3_Config
                0x0000000008005704      0x164 ./Drivers/STM32H7xx_HAL_Driver/Src/stm32h7xx_hal_rcc_ex.o
 .text.HAL_UART_Init
                0x0000000008005868       0xa0 ./Drivers/STM32H7xx_HAL_Driver/Src/stm32h7xx_hal_uart.o
                0x0000000008005868                HAL_UART_Init
 .text.UART_SetConfig
                0x0000000008005908      0xcd8 ./Drivers/STM32H7xx_HAL_Driver/Src/stm32h7xx_hal_uart.o
                0x0000000008005908                UART_SetConfig
 .text.UART_AdvFeatureConfig
                0x00000000080065e0      0x144 ./Drivers/STM32H7xx_HAL_Driver/Src/stm32h7xx_hal_uart.o
                0x00000000080065e0                UART_AdvFeatureConfig
 .text.UART_CheckIdleState
                0x0000000008006724      0x154 ./Drivers/STM32H7xx_HAL_Driver/Src/stm32h7xx_hal_uart.o
                0x0000000008006724                UART_CheckIdleState
 .text.UART_WaitOnFlagUntilTimeout
                0x0000000008006878       0xda ./Drivers/STM32H7xx_HAL_Driver/Src/stm32h7xx_hal_uart.o
                0x0000000008006878                UART_WaitOnFlagUntilTimeout
 *fill*         0x0000000008006952        0x2 
 .text.UART_EndRxTransfer
                0x0000000008006954       0xcc ./Drivers/STM32H7xx_HAL_Driver/Src/stm32h7xx_hal_uart.o
 .text.HAL_UARTEx_DisableFifoMode
                0x0000000008006a20       0x72 ./Drivers/STM32H7xx_HAL_Driver/Src/stm32h7xx_hal_uart_ex.o
                0x0000000008006a20                HAL_UARTEx_DisableFifoMode
 .text.HAL_UARTEx_SetTxFifoThreshold
                0x0000000008006a92       0x7c ./Drivers/STM32H7xx_HAL_Driver/Src/stm32h7xx_hal_uart_ex.o
                0x0000000008006a92                HAL_UARTEx_SetTxFifoThreshold
 .text.HAL_UARTEx_SetRxFifoThreshold
                0x0000000008006b0e       0x7c ./Drivers/STM32H7xx_HAL_Driver/Src/stm32h7xx_hal_uart_ex.o
                0x0000000008006b0e                HAL_UARTEx_SetRxFifoThreshold
 *fill*         0x0000000008006b8a        0x2 
 .text.UARTEx_SetNbDataToProcess
                0x0000000008006b8c       0x9c ./Drivers/STM32H7xx_HAL_Driver/Src/stm32h7xx_hal_uart_ex.o
 .text.memset   0x0000000008006c28       0x10 C:/ST/STM32CubeIDE_1.14.0/STM32CubeIDE/plugins/com.st.stm32cube.ide.mcu.externaltools.gnu-tools-for-stm32.11.3.rel1.win32_1.1.100.202309141235/tools/bin/../lib/gcc/arm-none-eabi/11.3.1/../../../../arm-none-eabi/lib/thumb/v7e-m+dp/hard\libc_nano.a(libc_a-memset.o)
                0x0000000008006c28                memset
 .text.__libc_init_array
                0x0000000008006c38       0x48 C:/ST/STM32CubeIDE_1.14.0/STM32CubeIDE/plugins/com.st.stm32cube.ide.mcu.externaltools.gnu-tools-for-stm32.11.3.rel1.win32_1.1.100.202309141235/tools/bin/../lib/gcc/arm-none-eabi/11.3.1/../../../../arm-none-eabi/lib/thumb/v7e-m+dp/hard\libc_nano.a(libc_a-init.o)
                0x0000000008006c38                __libc_init_array
 *(.glue_7)
 .glue_7        0x0000000008006c80        0x0 linker stubs
 *(.glue_7t)
 .glue_7t       0x0000000008006c80        0x0 linker stubs
 *(.eh_frame)
 .eh_frame      0x0000000008006c80        0x0 C:/ST/STM32CubeIDE_1.14.0/STM32CubeIDE/plugins/com.st.stm32cube.ide.mcu.externaltools.gnu-tools-for-stm32.11.3.rel1.win32_1.1.100.202309141235/tools/bin/../lib/gcc/arm-none-eabi/11.3.1/thumb/v7e-m+dp/hard/crtbegin.o
 *(.init)
 .init          0x0000000008006c80        0x4 C:/ST/STM32CubeIDE_1.14.0/STM32CubeIDE/plugins/com.st.stm32cube.ide.mcu.externaltools.gnu-tools-for-stm32.11.3.rel1.win32_1.1.100.202309141235/tools/bin/../lib/gcc/arm-none-eabi/11.3.1/thumb/v7e-m+dp/hard/crti.o
                0x0000000008006c80                _init
 .init          0x0000000008006c84        0x8 C:/ST/STM32CubeIDE_1.14.0/STM32CubeIDE/plugins/com.st.stm32cube.ide.mcu.externaltools.gnu-tools-for-stm32.11.3.rel1.win32_1.1.100.202309141235/tools/bin/../lib/gcc/arm-none-eabi/11.3.1/thumb/v7e-m+dp/hard/crtn.o
 *(.fini)
 .fini          0x0000000008006c8c        0x4 C:/ST/STM32CubeIDE_1.14.0/STM32CubeIDE/plugins/com.st.stm32cube.ide.mcu.externaltools.gnu-tools-for-stm32.11.3.rel1.win32_1.1.100.202309141235/tools/bin/../lib/gcc/arm-none-eabi/11.3.1/thumb/v7e-m+dp/hard/crti.o
                0x0000000008006c8c                _fini
 .fini          0x0000000008006c90        0x8 C:/ST/STM32CubeIDE_1.14.0/STM32CubeIDE/plugins/com.st.stm32cube.ide.mcu.externaltools.gnu-tools-for-stm32.11.3.rel1.win32_1.1.100.202309141235/tools/bin/../lib/gcc/arm-none-eabi/11.3.1/thumb/v7e-m+dp/hard/crtn.o
                0x0000000008006c98                . = ALIGN (0x4)
                0x0000000008006c98                _etext = .

.vfp11_veneer   0x0000000008006c98        0x0
 .vfp11_veneer  0x0000000008006c98        0x0 linker stubs

.v4_bx          0x0000000008006c98        0x0
 .v4_bx         0x0000000008006c98        0x0 linker stubs

.iplt           0x0000000008006c98        0x0
 .iplt          0x0000000008006c98        0x0 C:/ST/STM32CubeIDE_1.14.0/STM32CubeIDE/plugins/com.st.stm32cube.ide.mcu.externaltools.gnu-tools-for-stm32.11.3.rel1.win32_1.1.100.202309141235/tools/bin/../lib/gcc/arm-none-eabi/11.3.1/thumb/v7e-m+dp/hard/crtbegin.o

.rodata         0x0000000008006c98       0x38
                0x0000000008006c98                . = ALIGN (0x4)
 *(.rodata)
 *(.rodata*)
 .rodata.D1CorePrescTable
                0x0000000008006c98       0x10 ./Core/Src/system_stm32h7xx.o
                0x0000000008006c98                D1CorePrescTable
 .rodata.UARTPrescTable
                0x0000000008006ca8       0x18 ./Drivers/STM32H7xx_HAL_Driver/Src/stm32h7xx_hal_uart.o
                0x0000000008006ca8                UARTPrescTable
 .rodata.numerator.1
                0x0000000008006cc0        0x8 ./Drivers/STM32H7xx_HAL_Driver/Src/stm32h7xx_hal_uart_ex.o
 .rodata.denominator.0
                0x0000000008006cc8        0x8 ./Drivers/STM32H7xx_HAL_Driver/Src/stm32h7xx_hal_uart_ex.o
                0x0000000008006cd0                . = ALIGN (0x4)

.ARM.extab
 *(.ARM.extab* .gnu.linkonce.armextab.*)

.ARM            0x0000000008006cd0        0x8
                0x0000000008006cd0                __exidx_start = .
 *(.ARM.exidx*)
 .ARM.exidx     0x0000000008006cd0        0x8 C:/ST/STM32CubeIDE_1.14.0/STM32CubeIDE/plugins/com.st.stm32cube.ide.mcu.externaltools.gnu-tools-for-stm32.11.3.rel1.win32_1.1.100.202309141235/tools/bin/../lib/gcc/arm-none-eabi/11.3.1/thumb/v7e-m+dp/hard\libgcc.a(_udivmoddi4.o)
                0x0000000008006cd8                __exidx_end = .

.rel.dyn        0x0000000008006cd8        0x0
 .rel.iplt      0x0000000008006cd8        0x0 C:/ST/STM32CubeIDE_1.14.0/STM32CubeIDE/plugins/com.st.stm32cube.ide.mcu.externaltools.gnu-tools-for-stm32.11.3.rel1.win32_1.1.100.202309141235/tools/bin/../lib/gcc/arm-none-eabi/11.3.1/thumb/v7e-m+dp/hard/crtbegin.o

.preinit_array  0x0000000008006cd8        0x0
                0x0000000008006cd8                PROVIDE (__preinit_array_start = .)
 *(.preinit_array*)
                0x0000000008006cd8                PROVIDE (__preinit_array_end = .)

.init_array     0x0000000008006cd8        0x4
                0x0000000008006cd8                PROVIDE (__init_array_start = .)
 *(SORT_BY_NAME(.init_array.*))
 *(.init_array*)
 .init_array    0x0000000008006cd8        0x4 C:/ST/STM32CubeIDE_1.14.0/STM32CubeIDE/plugins/com.st.stm32cube.ide.mcu.externaltools.gnu-tools-for-stm32.11.3.rel1.win32_1.1.100.202309141235/tools/bin/../lib/gcc/arm-none-eabi/11.3.1/thumb/v7e-m+dp/hard/crtbegin.o
                0x0000000008006cdc                PROVIDE (__init_array_end = .)

.fini_array     0x0000000008006cdc        0x4
                [!provide]                        PROVIDE (__fini_array_start = .)
 *(SORT_BY_NAME(.fini_array.*))
 *(.fini_array*)
 .fini_array    0x0000000008006cdc        0x4 C:/ST/STM32CubeIDE_1.14.0/STM32CubeIDE/plugins/com.st.stm32cube.ide.mcu.externaltools.gnu-tools-for-stm32.11.3.rel1.win32_1.1.100.202309141235/tools/bin/../lib/gcc/arm-none-eabi/11.3.1/thumb/v7e-m+dp/hard/crtbegin.o
                [!provide]                        PROVIDE (__fini_array_end = .)
                0x0000000008006ce0                _sidata = LOADADDR (.data)

.data           0x0000000024000000       0x10 load address 0x0000000008006ce0
                0x0000000024000000                . = ALIGN (0x4)
                0x0000000024000000                _sdata = .
 *(.data)
 *(.data*)
 .data.SystemCoreClock
                0x0000000024000000        0x4 ./Core/Src/system_stm32h7xx.o
                0x0000000024000000                SystemCoreClock
 .data.SystemD2Clock
                0x0000000024000004        0x4 ./Core/Src/system_stm32h7xx.o
                0x0000000024000004                SystemD2Clock
 .data.uwTickPrio
                0x0000000024000008        0x4 ./Drivers/STM32H7xx_HAL_Driver/Src/stm32h7xx_hal.o
                0x0000000024000008                uwTickPrio
 .data.uwTickFreq
                0x000000002400000c        0x1 ./Drivers/STM32H7xx_HAL_Driver/Src/stm32h7xx_hal.o
                0x000000002400000c                uwTickFreq
 *(.RamFunc)
 *(.RamFunc*)
                0x0000000024000010                . = ALIGN (0x4)
 *fill*         0x000000002400000d        0x3 
                0x0000000024000010                _edata = .

.igot.plt       0x0000000024000010        0x0 load address 0x0000000008006cf0
 .igot.plt      0x0000000024000010        0x0 C:/ST/STM32CubeIDE_1.14.0/STM32CubeIDE/plugins/com.st.stm32cube.ide.mcu.externaltools.gnu-tools-for-stm32.11.3.rel1.win32_1.1.100.202309141235/tools/bin/../lib/gcc/arm-none-eabi/11.3.1/thumb/v7e-m+dp/hard/crtbegin.o

.RxDecripSection
                0x0000000024000010       0x60 load address 0x0000000008006cf0
 .RxDecripSection
                0x0000000024000010       0x60 ./Core/Src/main.o
                0x0000000024000010                DMARxDscrTab

.TxDecripSection
                0x0000000024000070       0x60 load address 0x0000000008006d50
 .TxDecripSection
                0x0000000024000070       0x60 ./Core/Src/main.o
                0x0000000024000070                DMATxDscrTab
                0x00000000240000d0                . = ALIGN (0x4)

.bss            0x00000000240000d0      0x20c load address 0x0000000008006db0
                0x00000000240000d0                _sbss = .
                0x00000000240000d0                __bss_start__ = _sbss
 *(.bss)
 .bss           0x00000000240000d0       0x1c C:/ST/STM32CubeIDE_1.14.0/STM32CubeIDE/plugins/com.st.stm32cube.ide.mcu.externaltools.gnu-tools-for-stm32.11.3.rel1.win32_1.1.100.202309141235/tools/bin/../lib/gcc/arm-none-eabi/11.3.1/thumb/v7e-m+dp/hard/crtbegin.o
 *(.bss*)
 .bss.TxConfig  0x00000000240000ec       0x38 ./Core/Src/main.o
                0x00000000240000ec                TxConfig
 .bss.heth      0x0000000024000124       0xb0 ./Core/Src/main.o
                0x0000000024000124                heth
 .bss.hi2c2     0x00000000240001d4       0x54 ./Core/Src/main.o
                0x00000000240001d4                hi2c2
 .bss.huart3    0x0000000024000228       0x94 ./Core/Src/main.o
                0x0000000024000228                huart3
 .bss.accel     0x00000000240002bc        0x6 ./Core/Src/main.o
                0x00000000240002bc                accel
 *fill*         0x00000000240002c2        0x2 
 .bss.gyro      0x00000000240002c4        0x6 ./Core/Src/main.o
                0x00000000240002c4                gyro
 .bss.temp      0x00000000240002ca        0x2 ./Core/Src/main.o
                0x00000000240002ca                temp
 .bss.ret       0x00000000240002cc        0x1 ./Core/Src/main.o
                0x00000000240002cc                ret
 *fill*         0x00000000240002cd        0x3 
 .bss.MACAddr.0
                0x00000000240002d0        0x6 ./Core/Src/main.o
 *fill*         0x00000000240002d6        0x2 
 .bss.uwTick    0x00000000240002d8        0x4 ./Drivers/STM32H7xx_HAL_Driver/Src/stm32h7xx_hal.o
                0x00000000240002d8                uwTick
 *(COMMON)
                0x00000000240002dc                . = ALIGN (0x4)
                0x00000000240002dc                _ebss = .
                0x00000000240002dc                __bss_end__ = _ebss

._user_heap_stack
                0x00000000240002dc      0x604 load address 0x0000000008006db0
                0x00000000240002e0                . = ALIGN (0x8)
 *fill*         0x00000000240002dc        0x4 
                [!provide]                        PROVIDE (end = .)
                0x00000000240002e0                PROVIDE (_end = .)
                0x00000000240004e0                . = (. + _Min_Heap_Size)
 *fill*         0x00000000240002e0      0x200 
                0x00000000240008e0                . = (. + _Min_Stack_Size)
 *fill*         0x00000000240004e0      0x400 
                0x00000000240008e0                . = ALIGN (0x8)

/DISCARD/
 libc.a(*)
 libm.a(*)
 libgcc.a(*)

.ARM.attributes
                0x0000000000000000       0x2e
 *(.ARM.attributes)
 .ARM.attributes
                0x0000000000000000       0x1e C:/ST/STM32CubeIDE_1.14.0/STM32CubeIDE/plugins/com.st.stm32cube.ide.mcu.externaltools.gnu-tools-for-stm32.11.3.rel1.win32_1.1.100.202309141235/tools/bin/../lib/gcc/arm-none-eabi/11.3.1/thumb/v7e-m+dp/hard/crti.o
 .ARM.attributes
                0x000000000000001e       0x32 C:/ST/STM32CubeIDE_1.14.0/STM32CubeIDE/plugins/com.st.stm32cube.ide.mcu.externaltools.gnu-tools-for-stm32.11.3.rel1.win32_1.1.100.202309141235/tools/bin/../lib/gcc/arm-none-eabi/11.3.1/thumb/v7e-m+dp/hard/crtbegin.o
 .ARM.attributes
                0x0000000000000050       0x32 ./Core/Src/main.o
 .ARM.attributes
                0x0000000000000082       0x32 ./Core/Src/mpu6050.o
 .ARM.attributes
                0x00000000000000b4       0x32 ./Core/Src/stm32h7xx_hal_msp.o
 .ARM.attributes
                0x00000000000000e6       0x32 ./Core/Src/stm32h7xx_it.o
 .ARM.attributes
                0x0000000000000118       0x32 ./Core/Src/system_stm32h7xx.o
 .ARM.attributes
                0x000000000000014a       0x21 ./Core/Startup/startup_stm32h723zgtx.o
 .ARM.attributes
                0x000000000000016b       0x32 ./Drivers/STM32H7xx_HAL_Driver/Src/stm32h7xx_hal.o
 .ARM.attributes
                0x000000000000019d       0x32 ./Drivers/STM32H7xx_HAL_Driver/Src/stm32h7xx_hal_cortex.o
 .ARM.attributes
                0x00000000000001cf       0x32 ./Drivers/STM32H7xx_HAL_Driver/Src/stm32h7xx_hal_eth.o
 .ARM.attributes
                0x0000000000000201       0x32 ./Drivers/STM32H7xx_HAL_Driver/Src/stm32h7xx_hal_gpio.o
 .ARM.attributes
                0x0000000000000233       0x32 ./Drivers/STM32H7xx_HAL_Driver/Src/stm32h7xx_hal_i2c.o
 .ARM.attributes
                0x0000000000000265       0x32 ./Drivers/STM32H7xx_HAL_Driver/Src/stm32h7xx_hal_i2c_ex.o
 .ARM.attributes
                0x0000000000000297       0x32 ./Drivers/STM32H7xx_HAL_Driver/Src/stm32h7xx_hal_pwr_ex.o
 .ARM.attributes
                0x00000000000002c9       0x32 ./Drivers/STM32H7xx_HAL_Driver/Src/stm32h7xx_hal_rcc.o
 .ARM.attributes
                0x00000000000002fb       0x32 ./Drivers/STM32H7xx_HAL_Driver/Src/stm32h7xx_hal_rcc_ex.o
 .ARM.attributes
                0x000000000000032d       0x32 ./Drivers/STM32H7xx_HAL_Driver/Src/stm32h7xx_hal_uart.o
 .ARM.attributes
                0x000000000000035f       0x32 ./Drivers/STM32H7xx_HAL_Driver/Src/stm32h7xx_hal_uart_ex.o
 .ARM.attributes
                0x0000000000000391       0x32 C:/ST/STM32CubeIDE_1.14.0/STM32CubeIDE/plugins/com.st.stm32cube.ide.mcu.externaltools.gnu-tools-for-stm32.11.3.rel1.win32_1.1.100.202309141235/tools/bin/../lib/gcc/arm-none-eabi/11.3.1/../../../../arm-none-eabi/lib/thumb/v7e-m+dp/hard\libc_nano.a(libc_a-memset.o)
 .ARM.attributes
                0x00000000000003c3       0x32 C:/ST/STM32CubeIDE_1.14.0/STM32CubeIDE/plugins/com.st.stm32cube.ide.mcu.externaltools.gnu-tools-for-stm32.11.3.rel1.win32_1.1.100.202309141235/tools/bin/../lib/gcc/arm-none-eabi/11.3.1/../../../../arm-none-eabi/lib/thumb/v7e-m+dp/hard\libc_nano.a(libc_a-init.o)
 .ARM.attributes
                0x00000000000003f5       0x1e C:/ST/STM32CubeIDE_1.14.0/STM32CubeIDE/plugins/com.st.stm32cube.ide.mcu.externaltools.gnu-tools-for-stm32.11.3.rel1.win32_1.1.100.202309141235/tools/bin/../lib/gcc/arm-none-eabi/11.3.1/thumb/v7e-m+dp/hard\libgcc.a(_aeabi_uldivmod.o)
 .ARM.attributes
                0x0000000000000413       0x32 C:/ST/STM32CubeIDE_1.14.0/STM32CubeIDE/plugins/com.st.stm32cube.ide.mcu.externaltools.gnu-tools-for-stm32.11.3.rel1.win32_1.1.100.202309141235/tools/bin/../lib/gcc/arm-none-eabi/11.3.1/thumb/v7e-m+dp/hard\libgcc.a(_udivmoddi4.o)
 .ARM.attributes
                0x0000000000000445       0x1e C:/ST/STM32CubeIDE_1.14.0/STM32CubeIDE/plugins/com.st.stm32cube.ide.mcu.externaltools.gnu-tools-for-stm32.11.3.rel1.win32_1.1.100.202309141235/tools/bin/../lib/gcc/arm-none-eabi/11.3.1/thumb/v7e-m+dp/hard\libgcc.a(_dvmd_tls.o)
 .ARM.attributes
                0x0000000000000463       0x1e C:/ST/STM32CubeIDE_1.14.0/STM32CubeIDE/plugins/com.st.stm32cube.ide.mcu.externaltools.gnu-tools-for-stm32.11.3.rel1.win32_1.1.100.202309141235/tools/bin/../lib/gcc/arm-none-eabi/11.3.1/thumb/v7e-m+dp/hard/crtn.o
OUTPUT(MPU6050.elf elf32-littlearm)
LOAD linker stubs
LOAD C:/ST/STM32CubeIDE_1.14.0/STM32CubeIDE/plugins/com.st.stm32cube.ide.mcu.externaltools.gnu-tools-for-stm32.11.3.rel1.win32_1.1.100.202309141235/tools/bin/../lib/gcc/arm-none-eabi/11.3.1/../../../../arm-none-eabi/lib/thumb/v7e-m+dp/hard\libc.a
LOAD C:/ST/STM32CubeIDE_1.14.0/STM32CubeIDE/plugins/com.st.stm32cube.ide.mcu.externaltools.gnu-tools-for-stm32.11.3.rel1.win32_1.1.100.202309141235/tools/bin/../lib/gcc/arm-none-eabi/11.3.1/../../../../arm-none-eabi/lib/thumb/v7e-m+dp/hard\libm.a
LOAD C:/ST/STM32CubeIDE_1.14.0/STM32CubeIDE/plugins/com.st.stm32cube.ide.mcu.externaltools.gnu-tools-for-stm32.11.3.rel1.win32_1.1.100.202309141235/tools/bin/../lib/gcc/arm-none-eabi/11.3.1/thumb/v7e-m+dp/hard\libgcc.a

.comment        0x0000000000000000       0x43
 .comment       0x0000000000000000       0x43 C:/ST/STM32CubeIDE_1.14.0/STM32CubeIDE/plugins/com.st.stm32cube.ide.mcu.externaltools.gnu-tools-for-stm32.11.3.rel1.win32_1.1.100.202309141235/tools/bin/../lib/gcc/arm-none-eabi/11.3.1/thumb/v7e-m+dp/hard/crtbegin.o
                                         0x44 (size before relaxing)
 .comment       0x0000000000000043       0x44 ./Core/Src/main.o
 .comment       0x0000000000000043       0x44 ./Core/Src/mpu6050.o
 .comment       0x0000000000000043       0x44 ./Core/Src/stm32h7xx_hal_msp.o
 .comment       0x0000000000000043       0x44 ./Core/Src/stm32h7xx_it.o
 .comment       0x0000000000000043       0x44 ./Core/Src/system_stm32h7xx.o
 .comment       0x0000000000000043       0x44 ./Drivers/STM32H7xx_HAL_Driver/Src/stm32h7xx_hal.o
 .comment       0x0000000000000043       0x44 ./Drivers/STM32H7xx_HAL_Driver/Src/stm32h7xx_hal_cortex.o
 .comment       0x0000000000000043       0x44 ./Drivers/STM32H7xx_HAL_Driver/Src/stm32h7xx_hal_eth.o
 .comment       0x0000000000000043       0x44 ./Drivers/STM32H7xx_HAL_Driver/Src/stm32h7xx_hal_gpio.o
 .comment       0x0000000000000043       0x44 ./Drivers/STM32H7xx_HAL_Driver/Src/stm32h7xx_hal_i2c.o
 .comment       0x0000000000000043       0x44 ./Drivers/STM32H7xx_HAL_Driver/Src/stm32h7xx_hal_i2c_ex.o
 .comment       0x0000000000000043       0x44 ./Drivers/STM32H7xx_HAL_Driver/Src/stm32h7xx_hal_pwr_ex.o
 .comment       0x0000000000000043       0x44 ./Drivers/STM32H7xx_HAL_Driver/Src/stm32h7xx_hal_rcc.o
 .comment       0x0000000000000043       0x44 ./Drivers/STM32H7xx_HAL_Driver/Src/stm32h7xx_hal_rcc_ex.o
 .comment       0x0000000000000043       0x44 ./Drivers/STM32H7xx_HAL_Driver/Src/stm32h7xx_hal_uart.o
 .comment       0x0000000000000043       0x44 ./Drivers/STM32H7xx_HAL_Driver/Src/stm32h7xx_hal_uart_ex.o

.debug_info     0x0000000000000000    0x174c6
 .debug_info    0x0000000000000000     0x25b1 ./Core/Src/main.o
 .debug_info    0x00000000000025b1      0x9c5 ./Core/Src/mpu6050.o
 .debug_info    0x0000000000002f76     0x22e6 ./Core/Src/stm32h7xx_hal_msp.o
 .debug_info    0x000000000000525c      0x128 ./Core/Src/stm32h7xx_it.o
 .debug_info    0x0000000000005384      0xb2e ./Core/Src/system_stm32h7xx.o
 .debug_info    0x0000000000005eb2       0x23 ./Core/Startup/startup_stm32h723zgtx.o
 .debug_info    0x0000000000005ed5     0x1698 ./Drivers/STM32H7xx_HAL_Driver/Src/stm32h7xx_hal.o
 .debug_info    0x000000000000756d     0x10a0 ./Drivers/STM32H7xx_HAL_Driver/Src/stm32h7xx_hal_cortex.o
 .debug_info    0x000000000000860d     0x2a22 ./Drivers/STM32H7xx_HAL_Driver/Src/stm32h7xx_hal_eth.o
 .debug_info    0x000000000000b02f      0xc5c ./Drivers/STM32H7xx_HAL_Driver/Src/stm32h7xx_hal_gpio.o
 .debug_info    0x000000000000bc8b     0x22a1 ./Drivers/STM32H7xx_HAL_Driver/Src/stm32h7xx_hal_i2c.o
 .debug_info    0x000000000000df2c      0xd95 ./Drivers/STM32H7xx_HAL_Driver/Src/stm32h7xx_hal_i2c_ex.o
 .debug_info    0x000000000000ecc1      0xdc4 ./Drivers/STM32H7xx_HAL_Driver/Src/stm32h7xx_hal_pwr_ex.o
 .debug_info    0x000000000000fa85      0xd73 ./Drivers/STM32H7xx_HAL_Driver/Src/stm32h7xx_hal_rcc.o
 .debug_info    0x00000000000107f8     0x11fc ./Drivers/STM32H7xx_HAL_Driver/Src/stm32h7xx_hal_rcc_ex.o
 .debug_info    0x00000000000119f4     0x4b13 ./Drivers/STM32H7xx_HAL_Driver/Src/stm32h7xx_hal_uart.o
 .debug_info    0x0000000000016507      0xfbf ./Drivers/STM32H7xx_HAL_Driver/Src/stm32h7xx_hal_uart_ex.o

.debug_abbrev   0x0000000000000000     0x2636
 .debug_abbrev  0x0000000000000000      0x349 ./Core/Src/main.o
 .debug_abbrev  0x0000000000000349      0x19d ./Core/Src/mpu6050.o
 .debug_abbrev  0x00000000000004e6      0x265 ./Core/Src/stm32h7xx_hal_msp.o
 .debug_abbrev  0x000000000000074b       0x73 ./Core/Src/stm32h7xx_it.o
 .debug_abbrev  0x00000000000007be      0x13a ./Core/Src/system_stm32h7xx.o
 .debug_abbrev  0x00000000000008f8       0x12 ./Core/Startup/startup_stm32h723zgtx.o
 .debug_abbrev  0x000000000000090a      0x29e ./Drivers/STM32H7xx_HAL_Driver/Src/stm32h7xx_hal.o
 .debug_abbrev  0x0000000000000ba8      0x339 ./Drivers/STM32H7xx_HAL_Driver/Src/stm32h7xx_hal_cortex.o
 .debug_abbrev  0x0000000000000ee1      0x347 ./Drivers/STM32H7xx_HAL_Driver/Src/stm32h7xx_hal_eth.o
 .debug_abbrev  0x0000000000001228      0x1fe ./Drivers/STM32H7xx_HAL_Driver/Src/stm32h7xx_hal_gpio.o
 .debug_abbrev  0x0000000000001426      0x25d ./Drivers/STM32H7xx_HAL_Driver/Src/stm32h7xx_hal_i2c.o
 .debug_abbrev  0x0000000000001683      0x1f5 ./Drivers/STM32H7xx_HAL_Driver/Src/stm32h7xx_hal_i2c_ex.o
 .debug_abbrev  0x0000000000001878      0x295 ./Drivers/STM32H7xx_HAL_Driver/Src/stm32h7xx_hal_pwr_ex.o
 .debug_abbrev  0x0000000000001b0d      0x2b1 ./Drivers/STM32H7xx_HAL_Driver/Src/stm32h7xx_hal_rcc.o
 .debug_abbrev  0x0000000000001dbe      0x269 ./Drivers/STM32H7xx_HAL_Driver/Src/stm32h7xx_hal_rcc_ex.o
 .debug_abbrev  0x0000000000002027      0x33d ./Drivers/STM32H7xx_HAL_Driver/Src/stm32h7xx_hal_uart.o
 .debug_abbrev  0x0000000000002364      0x2d2 ./Drivers/STM32H7xx_HAL_Driver/Src/stm32h7xx_hal_uart_ex.o

.debug_aranges  0x0000000000000000      0xf68
 .debug_aranges
                0x0000000000000000       0x58 ./Core/Src/main.o
 .debug_aranges
                0x0000000000000058       0x48 ./Core/Src/mpu6050.o
 .debug_aranges
                0x00000000000000a0       0x50 ./Core/Src/stm32h7xx_hal_msp.o
 .debug_aranges
                0x00000000000000f0       0x60 ./Core/Src/stm32h7xx_it.o
 .debug_aranges
                0x0000000000000150       0x28 ./Core/Src/system_stm32h7xx.o
 .debug_aranges
                0x0000000000000178       0x28 ./Core/Startup/startup_stm32h723zgtx.o
 .debug_aranges
                0x00000000000001a0      0x1c8 ./Drivers/STM32H7xx_HAL_Driver/Src/stm32h7xx_hal.o
 .debug_aranges
                0x0000000000000368      0x130 ./Drivers/STM32H7xx_HAL_Driver/Src/stm32h7xx_hal_cortex.o
 .debug_aranges
                0x0000000000000498      0x1d8 ./Drivers/STM32H7xx_HAL_Driver/Src/stm32h7xx_hal_eth.o
 .debug_aranges
                0x0000000000000670       0x58 ./Drivers/STM32H7xx_HAL_Driver/Src/stm32h7xx_hal_gpio.o
 .debug_aranges
                0x00000000000006c8      0x2a0 ./Drivers/STM32H7xx_HAL_Driver/Src/stm32h7xx_hal_i2c.o
 .debug_aranges
                0x0000000000000968       0x48 ./Drivers/STM32H7xx_HAL_Driver/Src/stm32h7xx_hal_i2c_ex.o
 .debug_aranges
                0x00000000000009b0      0x148 ./Drivers/STM32H7xx_HAL_Driver/Src/stm32h7xx_hal_pwr_ex.o
 .debug_aranges
                0x0000000000000af8       0x88 ./Drivers/STM32H7xx_HAL_Driver/Src/stm32h7xx_hal_rcc.o
 .debug_aranges
                0x0000000000000b80       0xf8 ./Drivers/STM32H7xx_HAL_Driver/Src/stm32h7xx_hal_rcc_ex.o
 .debug_aranges
                0x0000000000000c78      0x248 ./Drivers/STM32H7xx_HAL_Driver/Src/stm32h7xx_hal_uart.o
 .debug_aranges
                0x0000000000000ec0       0xa8 ./Drivers/STM32H7xx_HAL_Driver/Src/stm32h7xx_hal_uart_ex.o

.debug_rnglists
                0x0000000000000000      0xc06
 .debug_rnglists
                0x0000000000000000       0x42 ./Core/Src/main.o
 .debug_rnglists
                0x0000000000000042       0x33 ./Core/Src/mpu6050.o
 .debug_rnglists
                0x0000000000000075       0x3b ./Core/Src/stm32h7xx_hal_msp.o
 .debug_rnglists
                0x00000000000000b0       0x43 ./Core/Src/stm32h7xx_it.o
 .debug_rnglists
                0x00000000000000f3       0x1b ./Core/Src/system_stm32h7xx.o
 .debug_rnglists
                0x000000000000010e       0x19 ./Core/Startup/startup_stm32h723zgtx.o
 .debug_rnglists
                0x0000000000000127      0x155 ./Drivers/STM32H7xx_HAL_Driver/Src/stm32h7xx_hal.o
 .debug_rnglists
                0x000000000000027c       0xe0 ./Drivers/STM32H7xx_HAL_Driver/Src/stm32h7xx_hal_cortex.o
 .debug_rnglists
                0x000000000000035c      0x176 ./Drivers/STM32H7xx_HAL_Driver/Src/stm32h7xx_hal_eth.o
 .debug_rnglists
                0x00000000000004d2       0x3f ./Drivers/STM32H7xx_HAL_Driver/Src/stm32h7xx_hal_gpio.o
 .debug_rnglists
                0x0000000000000511      0x22a ./Drivers/STM32H7xx_HAL_Driver/Src/stm32h7xx_hal_i2c.o
 .debug_rnglists
                0x000000000000073b       0x35 ./Drivers/STM32H7xx_HAL_Driver/Src/stm32h7xx_hal_i2c_ex.o
 .debug_rnglists
                0x0000000000000770       0xf5 ./Drivers/STM32H7xx_HAL_Driver/Src/stm32h7xx_hal_pwr_ex.o
 .debug_rnglists
                0x0000000000000865       0x68 ./Drivers/STM32H7xx_HAL_Driver/Src/stm32h7xx_hal_rcc.o
 .debug_rnglists
                0x00000000000008cd       0xc0 ./Drivers/STM32H7xx_HAL_Driver/Src/stm32h7xx_hal_rcc_ex.o
 .debug_rnglists
                0x000000000000098d      0x1fa ./Drivers/STM32H7xx_HAL_Driver/Src/stm32h7xx_hal_uart.o
 .debug_rnglists
                0x0000000000000b87       0x7f ./Drivers/STM32H7xx_HAL_Driver/Src/stm32h7xx_hal_uart_ex.o

.debug_macro    0x0000000000000000    0x32a91
 .debug_macro   0x0000000000000000      0x2f0 ./Core/Src/main.o
 .debug_macro   0x00000000000002f0      0xac0 ./Core/Src/main.o
 .debug_macro   0x0000000000000db0      0x238 ./Core/Src/main.o
 .debug_macro   0x0000000000000fe8       0x2e ./Core/Src/main.o
 .debug_macro   0x0000000000001016       0x3b ./Core/Src/main.o
 .debug_macro   0x0000000000001051       0x22 ./Core/Src/main.o
 .debug_macro   0x0000000000001073       0x8e ./Core/Src/main.o
 .debug_macro   0x0000000000001101       0x51 ./Core/Src/main.o
 .debug_macro   0x0000000000001152      0x103 ./Core/Src/main.o
 .debug_macro   0x0000000000001255       0x6a ./Core/Src/main.o
 .debug_macro   0x00000000000012bf      0x1df ./Core/Src/main.o
 .debug_macro   0x000000000000149e       0x1c ./Core/Src/main.o
 .debug_macro   0x00000000000014ba       0x22 ./Core/Src/main.o
 .debug_macro   0x00000000000014dc       0xfb ./Core/Src/main.o
 .debug_macro   0x00000000000015d7     0x1305 ./Core/Src/main.o
 .debug_macro   0x00000000000028dc      0x11f ./Core/Src/main.o
 .debug_macro   0x00000000000029fb       0x27 ./Core/Src/main.o
 .debug_macro   0x0000000000002a22    0x2127f ./Core/Src/main.o
 .debug_macro   0x0000000000023ca1       0x6d ./Core/Src/main.o
 .debug_macro   0x0000000000023d0e     0x3d64 ./Core/Src/main.o
 .debug_macro   0x0000000000027a72      0x174 ./Core/Src/main.o
 .debug_macro   0x0000000000027be6       0x61 ./Core/Src/main.o
 .debug_macro   0x0000000000027c47       0x29 ./Core/Src/main.o
 .debug_macro   0x0000000000027c70       0x43 ./Core/Src/main.o
 .debug_macro   0x0000000000027cb3       0x34 ./Core/Src/main.o
 .debug_macro   0x0000000000027ce7       0x16 ./Core/Src/main.o
 .debug_macro   0x0000000000027cfd       0x43 ./Core/Src/main.o
 .debug_macro   0x0000000000027d40       0x34 ./Core/Src/main.o
 .debug_macro   0x0000000000027d74       0x10 ./Core/Src/main.o
 .debug_macro   0x0000000000027d84       0x58 ./Core/Src/main.o
 .debug_macro   0x0000000000027ddc       0x8e ./Core/Src/main.o
 .debug_macro   0x0000000000027e6a       0x1c ./Core/Src/main.o
 .debug_macro   0x0000000000027e86      0x177 ./Core/Src/main.o
 .debug_macro   0x0000000000027ffd      0x369 ./Core/Src/main.o
 .debug_macro   0x0000000000028366      0x19b ./Core/Src/main.o
 .debug_macro   0x0000000000028501       0x5d ./Core/Src/main.o
 .debug_macro   0x000000000002855e     0x2462 ./Core/Src/main.o
 .debug_macro   0x000000000002a9c0     0x1079 ./Core/Src/main.o
 .debug_macro   0x000000000002ba39      0x154 ./Core/Src/main.o
 .debug_macro   0x000000000002bb8d      0x114 ./Core/Src/main.o
 .debug_macro   0x000000000002bca1      0x3fc ./Core/Src/main.o
 .debug_macro   0x000000000002c09d       0xac ./Core/Src/main.o
 .debug_macro   0x000000000002c149      0x788 ./Core/Src/main.o
 .debug_macro   0x000000000002c8d1      0x228 ./Core/Src/main.o
 .debug_macro   0x000000000002caf9       0x66 ./Core/Src/main.o
 .debug_macro   0x000000000002cb5f      0x3a6 ./Core/Src/main.o
 .debug_macro   0x000000000002cf05      0xa80 ./Core/Src/main.o
 .debug_macro   0x000000000002d985      0x129 ./Core/Src/main.o
 .debug_macro   0x000000000002daae      0x3f9 ./Core/Src/main.o
 .debug_macro   0x000000000002dea7      0x275 ./Core/Src/main.o
 .debug_macro   0x000000000002e11c      0x3ca ./Core/Src/main.o
 .debug_macro   0x000000000002e4e6      0x45c ./Core/Src/main.o
 .debug_macro   0x000000000002e942       0x3c ./Core/Src/main.o
 .debug_macro   0x000000000002e97e       0x4a ./Core/Src/main.o
 .debug_macro   0x000000000002e9c8      0x22c ./Core/Src/main.o
 .debug_macro   0x000000000002ebf4       0x67 ./Core/Src/main.o
 .debug_macro   0x000000000002ec5b       0xa5 ./Core/Src/main.o
 .debug_macro   0x000000000002ed00      0x1c4 ./Core/Src/main.o
 .debug_macro   0x000000000002eec4      0x22a ./Core/Src/main.o
 .debug_macro   0x000000000002f0ee       0x35 ./Core/Src/main.o
 .debug_macro   0x000000000002f123      0x693 ./Core/Src/main.o
 .debug_macro   0x000000000002f7b6       0xa6 ./Core/Src/main.o
 .debug_macro   0x000000000002f85c      0x5e6 ./Core/Src/main.o
 .debug_macro   0x000000000002fe42      0x124 ./Core/Src/main.o
 .debug_macro   0x000000000002ff66       0x16 ./Core/Src/main.o
 .debug_macro   0x000000000002ff7c       0x35 ./Core/Src/main.o
 .debug_macro   0x000000000002ffb1       0x20 ./Core/Src/main.o
 .debug_macro   0x000000000002ffd1       0x3a ./Core/Src/main.o
 .debug_macro   0x000000000003000b      0x2b7 ./Core/Src/mpu6050.o
 .debug_macro   0x00000000000302c2       0x34 ./Core/Src/mpu6050.o
 .debug_macro   0x00000000000302f6      0x2b7 ./Core/Src/stm32h7xx_hal_msp.o
 .debug_macro   0x00000000000305ad      0x2c1 ./Core/Src/stm32h7xx_it.o
 .debug_macro   0x000000000003086e      0x2a8 ./Core/Src/system_stm32h7xx.o
 .debug_macro   0x0000000000030b16      0x2d2 ./Drivers/STM32H7xx_HAL_Driver/Src/stm32h7xx_hal.o
 .debug_macro   0x0000000000030de8      0x2a8 ./Drivers/STM32H7xx_HAL_Driver/Src/stm32h7xx_hal_cortex.o
 .debug_macro   0x0000000000031090      0x33c ./Drivers/STM32H7xx_HAL_Driver/Src/stm32h7xx_hal_eth.o
 .debug_macro   0x00000000000313cc      0x2af ./Drivers/STM32H7xx_HAL_Driver/Src/stm32h7xx_hal_gpio.o
 .debug_macro   0x000000000003167b      0x374 ./Drivers/STM32H7xx_HAL_Driver/Src/stm32h7xx_hal_i2c.o
 .debug_macro   0x00000000000319ef      0x2a8 ./Drivers/STM32H7xx_HAL_Driver/Src/stm32h7xx_hal_i2c_ex.o
 .debug_macro   0x0000000000031c97      0x2e1 ./Drivers/STM32H7xx_HAL_Driver/Src/stm32h7xx_hal_pwr_ex.o
 .debug_macro   0x0000000000031f78      0x2cc ./Drivers/STM32H7xx_HAL_Driver/Src/stm32h7xx_hal_rcc.o
 .debug_macro   0x0000000000032244      0x2c6 ./Drivers/STM32H7xx_HAL_Driver/Src/stm32h7xx_hal_rcc_ex.o
 .debug_macro   0x000000000003250a      0x2d3 ./Drivers/STM32H7xx_HAL_Driver/Src/stm32h7xx_hal_uart.o
 .debug_macro   0x00000000000327dd      0x2b4 ./Drivers/STM32H7xx_HAL_Driver/Src/stm32h7xx_hal_uart_ex.o

.debug_line     0x0000000000000000    0x15318
 .debug_line    0x0000000000000000      0xb48 ./Core/Src/main.o
 .debug_line    0x0000000000000b48      0xaab ./Core/Src/mpu6050.o
 .debug_line    0x00000000000015f3      0xa2e ./Core/Src/stm32h7xx_hal_msp.o
 .debug_line    0x0000000000002021      0x9a7 ./Core/Src/stm32h7xx_it.o
 .debug_line    0x00000000000029c8      0xa89 ./Core/Src/system_stm32h7xx.o
 .debug_line    0x0000000000003451       0x7a ./Core/Startup/startup_stm32h723zgtx.o
 .debug_line    0x00000000000034cb      0xf20 ./Drivers/STM32H7xx_HAL_Driver/Src/stm32h7xx_hal.o
 .debug_line    0x00000000000043eb      0xec6 ./Drivers/STM32H7xx_HAL_Driver/Src/stm32h7xx_hal_cortex.o
 .debug_line    0x00000000000052b1     0x1c05 ./Drivers/STM32H7xx_HAL_Driver/Src/stm32h7xx_hal_eth.o
 .debug_line    0x0000000000006eb6      0xd41 ./Drivers/STM32H7xx_HAL_Driver/Src/stm32h7xx_hal_gpio.o
 .debug_line    0x0000000000007bf7     0x3e5b ./Drivers/STM32H7xx_HAL_Driver/Src/stm32h7xx_hal_i2c.o
 .debug_line    0x000000000000ba52      0xb02 ./Drivers/STM32H7xx_HAL_Driver/Src/stm32h7xx_hal_i2c_ex.o
 .debug_line    0x000000000000c554      0xf13 ./Drivers/STM32H7xx_HAL_Driver/Src/stm32h7xx_hal_pwr_ex.o
 .debug_line    0x000000000000d467     0x13b9 ./Drivers/STM32H7xx_HAL_Driver/Src/stm32h7xx_hal_rcc.o
 .debug_line    0x000000000000e820     0x1c72 ./Drivers/STM32H7xx_HAL_Driver/Src/stm32h7xx_hal_rcc_ex.o
 .debug_line    0x0000000000010492     0x3f56 ./Drivers/STM32H7xx_HAL_Driver/Src/stm32h7xx_hal_uart.o
 .debug_line    0x00000000000143e8      0xf30 ./Drivers/STM32H7xx_HAL_Driver/Src/stm32h7xx_hal_uart_ex.o

.debug_str      0x0000000000000000   0x14652d
 .debug_str     0x0000000000000000   0x140e08 ./Core/Src/main.o
                                     0x1413ea (size before relaxing)
 .debug_str     0x0000000000140e08       0xc1 ./Core/Src/mpu6050.o
                                     0x13fce4 (size before relaxing)
 .debug_str     0x0000000000140ec9      0x3a1 ./Core/Src/stm32h7xx_hal_msp.o
                                     0x141190 (size before relaxing)
 .debug_str     0x000000000014126a       0xc9 ./Core/Src/stm32h7xx_it.o
                                     0x13fa85 (size before relaxing)
 .debug_str     0x0000000000141333      0x29a ./Core/Src/system_stm32h7xx.o
                                     0x13f9fe (size before relaxing)
 .debug_str     0x00000000001415cd       0x34 ./Core/Startup/startup_stm32h723zgtx.o
                                         0x54 (size before relaxing)
 .debug_str     0x0000000000141601     0x1108 ./Drivers/STM32H7xx_HAL_Driver/Src/stm32h7xx_hal.o
                                     0x140a88 (size before relaxing)
 .debug_str     0x0000000000142709      0x38b ./Drivers/STM32H7xx_HAL_Driver/Src/stm32h7xx_hal_cortex.o
                                     0x1403a2 (size before relaxing)
 .debug_str     0x0000000000142a94     0x103b ./Drivers/STM32H7xx_HAL_Driver/Src/stm32h7xx_hal_eth.o
                                     0x141317 (size before relaxing)
 .debug_str     0x0000000000143acf       0xec ./Drivers/STM32H7xx_HAL_Driver/Src/stm32h7xx_hal_gpio.o
                                     0x13fa49 (size before relaxing)
 .debug_str     0x0000000000143bbb      0xe2c ./Drivers/STM32H7xx_HAL_Driver/Src/stm32h7xx_hal_i2c.o
                                     0x140adf (size before relaxing)
 .debug_str     0x00000000001449e7       0xb8 ./Drivers/STM32H7xx_HAL_Driver/Src/stm32h7xx_hal_i2c_ex.o
                                     0x13fe8e (size before relaxing)
 .debug_str     0x0000000000144a9f      0x5e7 ./Drivers/STM32H7xx_HAL_Driver/Src/stm32h7xx_hal_pwr_ex.o
                                     0x13fe51 (size before relaxing)
 .debug_str     0x0000000000145086      0x21a ./Drivers/STM32H7xx_HAL_Driver/Src/stm32h7xx_hal_rcc.o
                                     0x13fdcc (size before relaxing)
 .debug_str     0x00000000001452a0      0x639 ./Drivers/STM32H7xx_HAL_Driver/Src/stm32h7xx_hal_rcc_ex.o
                                     0x1402e4 (size before relaxing)
 .debug_str     0x00000000001458d9      0x9f3 ./Drivers/STM32H7xx_HAL_Driver/Src/stm32h7xx_hal_uart.o
                                     0x14096c (size before relaxing)
 .debug_str     0x00000000001462cc      0x261 ./Drivers/STM32H7xx_HAL_Driver/Src/stm32h7xx_hal_uart_ex.o
                                     0x13ff2c (size before relaxing)

.debug_frame    0x0000000000000000     0x4138
 .debug_frame   0x0000000000000000      0x100 ./Core/Src/main.o
 .debug_frame   0x0000000000000100       0xec ./Core/Src/mpu6050.o
 .debug_frame   0x00000000000001ec      0x118 ./Core/Src/stm32h7xx_hal_msp.o
 .debug_frame   0x0000000000000304      0x104 ./Core/Src/stm32h7xx_it.o
 .debug_frame   0x0000000000000408       0x58 ./Core/Src/system_stm32h7xx.o
 .debug_frame   0x0000000000000460      0x760 ./Drivers/STM32H7xx_HAL_Driver/Src/stm32h7xx_hal.o
 .debug_frame   0x0000000000000bc0      0x508 ./Drivers/STM32H7xx_HAL_Driver/Src/stm32h7xx_hal_cortex.o
 .debug_frame   0x00000000000010c8      0x894 ./Drivers/STM32H7xx_HAL_Driver/Src/stm32h7xx_hal_eth.o
 .debug_frame   0x000000000000195c      0x14c ./Drivers/STM32H7xx_HAL_Driver/Src/stm32h7xx_hal_gpio.o
 .debug_frame   0x0000000000001aa8      0xc40 ./Drivers/STM32H7xx_HAL_Driver/Src/stm32h7xx_hal_i2c.o
 .debug_frame   0x00000000000026e8      0x100 ./Drivers/STM32H7xx_HAL_Driver/Src/stm32h7xx_hal_i2c_ex.o
 .debug_frame   0x00000000000027e8      0x540 ./Drivers/STM32H7xx_HAL_Driver/Src/stm32h7xx_hal_pwr_ex.o
 .debug_frame   0x0000000000002d28      0x1fc ./Drivers/STM32H7xx_HAL_Driver/Src/stm32h7xx_hal_rcc.o
 .debug_frame   0x0000000000002f24      0x414 ./Drivers/STM32H7xx_HAL_Driver/Src/stm32h7xx_hal_rcc_ex.o
 .debug_frame   0x0000000000003338      0xa94 ./Drivers/STM32H7xx_HAL_Driver/Src/stm32h7xx_hal_uart.o
 .debug_frame   0x0000000000003dcc      0x2c0 ./Drivers/STM32H7xx_HAL_Driver/Src/stm32h7xx_hal_uart_ex.o
 .debug_frame   0x000000000000408c       0x20 C:/ST/STM32CubeIDE_1.14.0/STM32CubeIDE/plugins/com.st.stm32cube.ide.mcu.externaltools.gnu-tools-for-stm32.11.3.rel1.win32_1.1.100.202309141235/tools/bin/../lib/gcc/arm-none-eabi/11.3.1/../../../../arm-none-eabi/lib/thumb/v7e-m+dp/hard\libc_nano.a(libc_a-memset.o)
 .debug_frame   0x00000000000040ac       0x2c C:/ST/STM32CubeIDE_1.14.0/STM32CubeIDE/plugins/com.st.stm32cube.ide.mcu.externaltools.gnu-tools-for-stm32.11.3.rel1.win32_1.1.100.202309141235/tools/bin/../lib/gcc/arm-none-eabi/11.3.1/../../../../arm-none-eabi/lib/thumb/v7e-m+dp/hard\libc_nano.a(libc_a-init.o)
 .debug_frame   0x00000000000040d8       0x2c C:/ST/STM32CubeIDE_1.14.0/STM32CubeIDE/plugins/com.st.stm32cube.ide.mcu.externaltools.gnu-tools-for-stm32.11.3.rel1.win32_1.1.100.202309141235/tools/bin/../lib/gcc/arm-none-eabi/11.3.1/thumb/v7e-m+dp/hard\libgcc.a(_aeabi_uldivmod.o)
 .debug_frame   0x0000000000004104       0x34 C:/ST/STM32CubeIDE_1.14.0/STM32CubeIDE/plugins/com.st.stm32cube.ide.mcu.externaltools.gnu-tools-for-stm32.11.3.rel1.win32_1.1.100.202309141235/tools/bin/../lib/gcc/arm-none-eabi/11.3.1/thumb/v7e-m+dp/hard\libgcc.a(_udivmoddi4.o)

.debug_line_str
                0x0000000000000000       0x48
 .debug_line_str
                0x0000000000000000       0x48 ./Core/Startup/startup_stm32h723zgtx.o
                                         0x60 (size before relaxing)
